// Jest Snapshot v1, https://jestjs.io/docs/snapshot-testing

exports[`Prompt Snapshots generates consistent system prompt for business analyst profile 1`] = `Promise {}`;

exports[`Prompt Snapshots generates consistent system prompt for default profile 1`] = `Promise {}`;

exports[`Prompt Snapshots generates consistent system prompt for security analyst profile 1`] = `Promise {}`;
